// 重构日志: 98f9d059
// 重构日志: 497b0945
// 重构日志: 8aa4d1b2
// 重构日志: e0084801
// 重构日志: 91554b9d
// 同步 ID: 24f6d90c @ Mon Jul 27 09:39:35 UTC 2026
// 重构日志: 729d0ffe
// 重构日志: 3b67cae9
// 重构日志: c9b56669
// 重构日志: 5f105236
// 同步 ID: 25ed82cd @ Wed Jul 29 01:56:17 UTC 2026
// 重构日志: f969ff9e
// 重构日志: 29557ffc
// 重构日志: f63f6b30
// 重构日志: e1234f57
// 重构日志: 1f2849a0
// 同步 ID: 6802af6b @ Sat Aug  1 13:08:30 UTC 2026
// 同步 ID: abf5bf2f @ Sat Aug  1 14:40:16 UTC 2026
// 同步 ID: 056afab6 @ Sun Aug  2 13:15:20 UTC 2026
// 重构日志: e7af795d
// 同步 ID: 423a4347 @ Mon Aug  3 09:34:03 UTC 2026
// 同步 ID: c71bed88 @ Mon Aug  3 17:54:50 UTC 2026
// 重构日志: 00a91510
// 重构日志: dd9ed51c
// 重构日志: 8238355c
// 重构日志: 9a3e92f8
// 同步 ID: cfa07669 @ Tue Aug  4 23:46:48 UTC 2026
// 同步 ID: 86622c68 @ Wed Aug  5 12:38:15 UTC 2026
// 同步 ID: 2446a847 @ Wed Aug  5 21:11:19 UTC 2026
// 同步 ID: bd8ce329 @ Thu Aug  6 02:04:00 UTC 2026
